// Vitest Snapshot v1, https://vitest.dev/guide/snapshot.html

exports[`Testimonial > should match the snapshot 1`] = `
<div>
  <figure
    class="grid grid-cols-[auto_1fr] gap-4 bg-background1"
  >
    <blockquote
      class="col-span-2 italic"
    >
      <p>
        Quote
      </p>
    </blockquote>
    <img
      alt="Name"
      class="object-cover cms-image w-14 h-14 rounded-full"
      data-nimg="1"
      decoding="async"
      height="0"
      loading="lazy"
      sizes="100vw"
      src="/_next/image?url=%2Ftestimonial.webp&w=3840&q=75"
      srcset="/_next/image?url=%2Ftestimonial.webp&w=640&q=75 640w, /_next/image?url=%2Ftestimonial.webp&w=750&q=75 750w, /_next/image?url=%2Ftestimonial.webp&w=828&q=75 828w, /_next/image?url=%2Ftestimonial.webp&w=1080&q=75 1080w, /_next/image?url=%2Ftestimonial.webp&w=1200&q=75 1200w, /_next/image?url=%2Ftestimonial.webp&w=1920&q=75 1920w, /_next/image?url=%2Ftestimonial.webp&w=2048&q=75 2048w, /_next/image?url=%2Ftestimonial.webp&w=3840&q=75 3840w"
      style="color: transparent;"
      width="0"
    />
    <figcaption
      class="grid content-center"
    >
      <span
        class="font-semibold"
      >
        Name
      </span>
      <span
        class=""
      >
        Annotation
      </span>
    </figcaption>
  </figure>
</div>
`;
