// Vitest Snapshot v1, https://vitest.dev/guide/snapshot.html

exports[`Hero1 > should match the snapshot 1`] = `
<div>
  <section
    class="px-4 sm:px-6 grid cms-section"
  >
    <div
      class="w-full max-w-screen-2xl mx-auto grid cms-container py-10 justify-items-start content-center gap-4 bg-background1"
    >
      <h1
        class="text-6xl font-semibold"
      >
        Heading
      </h1>
      <p>
        Subheading
      </p>
      <div
        class="flex gap-4"
      >
        <a
          class="px-6 py-3 border-2 border-primary hover:border-primary/90 font-semibold whitespace-nowrap disabled:cursor-not-allowed bg-primary hover:bg-primary/90 text-primary-foreground disabled:border-primary/0 disabled:bg-primary/50"
          href="/path-1"
        >
          Button 1
        </a>
        <a
          class="px-6 py-3 border-2 border-primary hover:border-primary/90 font-semibold whitespace-nowrap disabled:cursor-not-allowed text-primary disabled:border-primary/50 disabled:text-primary/50 bg-background [&:not(:disabled)]:hover:bg-foreground/5"
          href="/path-2"
        >
          Button 2
        </a>
      </div>
    </div>
  </section>
</div>
`;
