// Vitest Snapshot v1, https://vitest.dev/guide/snapshot.html

exports[`FileInput > should match the snapshot 1`] = `
<div>
  <div
    class="grid gap-1 content-start grid-rows-[auto_1fr]"
  >
    <label
      aria-invalid="false"
      aria-label="Click to upload"
      class="p-2 border border-solid border-current bg-input placeholder-foreground/50 [&:enabled]:hover:border-foreground/90 [&:enabled]:hover:ring-foreground/90 disabled:cursor-not-allowed disabled:text-foreground/50 outline-none ring-inset focus-within:ring-1 ring-current has-[:enabled]:hover:border-foreground/90 has-[:enabled]:hover:ring-foreground/90 has-[:disabled]:text-foreground/50 flex items-start gap-2 cursor-pointer has-[:disabled]:cursor-not-allowed"
    >
      <input
        class="sr-only"
        name="file-input"
        type="file"
      />
      <svg
        aria-hidden="true"
        class="lucide lucide-upload"
        fill="none"
        height="24"
        stroke="currentColor"
        stroke-linecap="round"
        stroke-linejoin="round"
        stroke-width="2"
        viewBox="0 0 24 24"
        width="24"
        xmlns="http://www.w3.org/2000/svg"
      >
        <path
          d="M12 3v12"
        />
        <path
          d="m17 8-5-5-5 5"
        />
        <path
          d="M21 15v4a2 2 0 0 1-2 2H5a2 2 0 0 1-2-2v-4"
        />
      </svg>
      <ul
        class="flex-grow grid gap-1"
      >
        <li>
          file-1.webp
        </li>
        <li>
          file-2.webp
        </li>
      </ul>
      <button
        aria-label="Close"
        type="button"
      >
        <svg
          aria-hidden="true"
          class="lucide lucide-x"
          fill="none"
          height="1lh"
          stroke="currentColor"
          stroke-linecap="round"
          stroke-linejoin="round"
          stroke-width="2"
          viewBox="0 0 24 24"
          width="auto"
          xmlns="http://www.w3.org/2000/svg"
        >
          <path
            d="M18 6 6 18"
          />
          <path
            d="m6 6 12 12"
          />
        </svg>
      </button>
    </label>
    <span
      aria-hidden="true"
      class="min-h-[1em] text-sm text-red-500 leading-none"
      role="alert"
    />
  </div>
</div>
`;
