// Vitest Snapshot v1, https://vitest.dev/guide/snapshot.html

exports[`Tabs > should match the snapshot 1`] = `
<div>
  <div
    class="grid gap-2"
  >
    <div
      aria-label="Tabs"
      class="flex gap-2"
    >
      <label
        aria-controls="«r1»__tabs__panel__0"
        class="has-[:checked]:border-b border-foreground tw-has-focus:tw-cms-outline px-2 cursor-pointer"
        id="«r1»__tabs__tab__0"
      >
        <input
          checked=""
          class="peer sr-only"
          name="tabs-«r1»__tabs"
          type="radio"
        />
        Tab 1
      </label>
      <label
        aria-controls="«r1»__tabs__panel__1"
        class="has-[:checked]:border-b border-foreground tw-has-focus:tw-cms-outline px-2 cursor-pointer"
        id="«r1»__tabs__tab__1"
      >
        <input
          class="peer sr-only"
          name="tabs-«r1»__tabs"
          type="radio"
        />
        Tab 2
      </label>
    </div>
    <div
      aria-labelledby="«r1»__tabs__tab__0"
      id="«r1»__tabs__panel__0"
      role="tabpanel"
    >
      Content 1
    </div>
    <div
      aria-labelledby="«r1»__tabs__tab__1"
      hidden=""
      id="«r1»__tabs__panel__1"
      role="tabpanel"
    >
      Content 2
    </div>
  </div>
</div>
`;
