// Vitest Snapshot v1, https://vitest.dev/guide/snapshot.html

exports[`Tabs > should match the snapshot 1`] = `
<div>
  <div
    class="grid"
  >
    <div
      class="flex gap-2"
    >
      <label
        aria-controls="_r_1___tabs__panel__0"
        class="has-[:checked]:border-b border-foreground tw-has-focus:tw-cms-outline px-4 py-2 md:px-6 cursor-pointer"
        id="_r_1___tabs__tab__0"
      >
        <input
          checked=""
          class="peer sr-only"
          name="tabs-_r_1___tabs"
          type="radio"
        />
        Tab 1
      </label>
      <label
        aria-controls="_r_1___tabs__panel__1"
        class="has-[:checked]:border-b border-foreground tw-has-focus:tw-cms-outline px-4 py-2 md:px-6 cursor-pointer"
        id="_r_1___tabs__tab__1"
      >
        <input
          class="peer sr-only"
          name="tabs-_r_1___tabs"
          type="radio"
        />
        Tab 2
      </label>
    </div>
    <div
      aria-labelledby="_r_1___tabs__tab__0"
      class="p-4 md:px-6"
      id="_r_1___tabs__panel__0"
      role="tabpanel"
    >
      Content 1
    </div>
    <div
      aria-labelledby="_r_1___tabs__tab__1"
      class="p-4 md:px-6"
      hidden=""
      id="_r_1___tabs__panel__1"
      role="tabpanel"
    >
      Content 2
    </div>
  </div>
</div>
`;
