// Vitest Snapshot v1, https://vitest.dev/guide/snapshot.html

exports[`Tabs > should match the snapshot 1`] = `
<div>
  <div
    class="grid gap-2"
  >
    <div
      aria-label="Tabs"
      class="flex gap-2"
    >
      <label
        aria-controls="tabs__«r1»__0"
        class="has-[:checked]:border-b border-foreground [&:has(input:focus-visible)]:tw-cms-outline px-2 cursor-pointer"
        id="tabs__«r1»__0"
      >
        <input
          checked=""
          class="peer sr-only"
          name="tabs-«r1»"
          type="radio"
        />
        Tab 1
      </label>
      <label
        aria-controls="tabs__«r1»__1"
        class="has-[:checked]:border-b border-foreground [&:has(input:focus-visible)]:tw-cms-outline px-2 cursor-pointer"
        id="tabs__«r1»__1"
      >
        <input
          class="peer sr-only"
          name="tabs-«r1»"
          type="radio"
        />
        Tab 2
      </label>
    </div>
    <div
      aria-labelledby="tabs__«r1»__0"
      id="tabs__«r1»__0"
      role="tabpanel"
    >
      Content 1
    </div>
    <div
      aria-labelledby="tabs__«r1»__1"
      hidden=""
      id="tabs__«r1»__1"
      role="tabpanel"
    >
      Content 2
    </div>
  </div>
</div>
`;
