// Vitest Snapshot v1, https://vitest.dev/guide/snapshot.html

exports[`Select > should match the snapshot 1`] = `
<div>
  <div
    class="flex flex-col gap-2"
  >
    <div
      class="grid items-center"
    >
      <select
        class="appearance-none cursor-pointer p-2 border border-solid border-current bg-input placeholder-foreground/50 [&:not(:disabled)]:hover:border-foreground/90 [&:not(:disabled)]:hover:ring-foreground/90 disabled:text-foreground/50 disabled:placeholder-foreground/50 outline-none ring-inset focus-within:ring-1 ring-current col-start-1 row-start-1"
        id="id"
        name="name"
      >
        <option
          class="hidden"
          disabled=""
          selected=""
          value=""
        />
        <option
          value="1"
        >
          Option 1
        </option>
        <option
          value="2"
        >
          Option 2
        </option>
        <option
          value="3"
        >
          Option 3
        </option>
      </select>
      <svg
        aria-hidden="true"
        class="lucide lucide-chevron-down col-start-1 row-start-1 justify-self-end mr-1"
        fill="none"
        height="1rem"
        stroke="currentColor"
        stroke-linecap="round"
        stroke-linejoin="round"
        stroke-width="2"
        viewBox="0 0 24 24"
        width="1rem"
        xmlns="http://www.w3.org/2000/svg"
      >
        <path
          d="m6 9 6 6 6-6"
        />
      </svg>
    </div>
    <span
      class="min-h-[1em] text-sm text-red-500 leading-none"
      role="alert"
    />
  </div>
</div>
`;
