// Vitest Snapshot v1, https://vitest.dev/guide/snapshot.html

exports[`Tooltip > should match the snapshot 1`] = `
<div>
  <div
    class="relative inline-flex"
  >
    <button
      aria-describedby="«r1»"
      type="button"
    >
      <span>
        Trigger
      </span>
    </button>
    <div
      class="absolute top-full left-1/2 -translate-x-1/2 pt-2"
    >
      <div
        class="py-1 px-2 text-xs bg-foreground text-background"
        id="«r1»"
        role="tooltip"
      >
        Tooltip text
      </div>
    </div>
  </div>
</div>
`;
